{
  "pairs": {
    "14.28": 100.0,
    "16.34": 100.0,
    "16.5": 100.0,
    "16.52": 100.0,
    "16.58": 100.0,
    "16.9": 100.0,
    "16.99": 99.0,
    "17.12": 99.0,
    "17.19": 99.0,
    "17.25": 98.0,
    "17.27": 98.0,
    "17.28": 97.0,
    "17.29": 97.0,
    "17.32": 96.0,
    "17.34": 95.0,
    "17.36": 94.0,
    "17.37": 93.0,
    "17.38": 93.0,
    "17.39": 92.0,
    "17.4": 92.0,
    "17.41": 91.0,
    "17.42": 91.0,
    "17.43": 90.0,
    "17.44": 90.0,
    "17.45": 89.0,
    "17.47": 87.0,
    "17.48": 86.0,
    "17.49": 84.0,
    "17.5": 81.0,
    "17.51": 80.0,
    "17.52": 80.0,
    "17.53": 79.0,
    "17.54": 78.0,
    "17.56": 77.0,
    "17.57": 75.0,
    "17.6": 73.0,
    "17.61": 73.0,
    "17.62": 72.0,
    "17.64": 71.0,
    "17.67": 70.0,
    "17.68": 70.0,
    "17.7": 70.0,
    "17.71": 69.0,
    "17.73": 69.0,
    "17.75": 68.0,
    "17.77": 67.0,
    "17.78": 67.0,
    "17.8": 66.0,
    "17.82": 64.0,
    "17.86": 64.0,
    "17.88": 63.0,
    "17.89": 63.0,
    "17.9": 62.0,
    "17.92": 61.0,
    "17.93": 60.0,
    "17.94": 59.0,
    "17.96": 59.0,
    "17.99": 59.0,
    "18.0": 58.0,
    "18.01": 56.0,
    "18.03": 55.0,
    "18.04": 51.0,
    "18.06": 51.0,
    "18.1": 51.0,
    "18.12": 50.0,
    "18.13": 50.0,
    "18.15": 49.0,
    "18.16": 48.0,
    "18.19": 48.0,
    "18.2": 47.0,
    "18.23": 45.0,
    "18.26": 45.0,
    "18.33": 42.0,
    "18.36": 41.0,
    "18.37": 41.0,
    "18.39": 40.0,
    "18.41": 39.0,
    "18.48": 37.0,
    "18.49": 36.0,
    "18.5": 35.0,
    "18.51": 34.0,
    "18.56": 33.0,
    "18.57": 33.0,
    "18.6": 32.0,
    "18.61": 31.0,
    "18.63": 31.0,
    "18.66": 30.0,
    "18.68": 30.0,
    "18.7": 29.0,
    "18.71": 29.0,
    "18.72": 28.0,
    "18.76": 26.0,
    "18.8": 25.0,
    "18.81": 25.0,
    "18.88": 25.0,
    "18.91": 24.0,
    "18.93": 23.0,
    "18.97": 23.0,
    "19.05": 23.0,
    "19.21": 21.0,
    "19.22": 21.0,
    "19.4": 19.0,
    "19.46": 18.0,
    "19.47": 18.0,
    "19.69": 16.0,
    "19.7": 15.0,
    "19.79": 14.0,
    "19.86": 14.0,
    "20.06": 13.0,
    "20.44": 12.0,
    "20.48": 12.0,
    "20.62": 11.0,
    "20.84": 11.0,
    "20.94": 10.0,
    "21.36": 9.0,
    "21.38": 9.0,
    "21.53": 9.0,
    "21.61": 8.0,
    "21.77": 8.0,
    "21.82": 8.0,
    "22.26": 7.0,
    "22.31": 7.0,
    "22.73": 6.0,
    "22.83": 5.0,
    "23.14": 5.0,
    "25.93": 4.0,
    "26.12": 4.0,
    "26.62": 4.0,
    "28.69": 3.0,
    "32.95": 3.0,
    "34.99": 3.0,
    "42.19": 2.0,
    "104.3": 2.0,
    "106.81": 1.0,
    "132.84": 1.0,
    "246.67": 1.0,
    "264.67": 1.0
  }
}