{
  "pairs": {
    "1.26": 100.0,
    "1.27": 96.0,
    "1.28": 91.0,
    "1.29": 81.0,
    "1.3": 68.0,
    "1.31": 49.0,
    "1.32": 32.0,
    "1.33": 22.0,
    "1.34": 19.0,
    "1.35": 14.0,
    "1.36": 8.0,
    "1.37": 6.0,
    "1.38": 5.0,
    "1.39": 3.0,
    "1.4": 1.0
  }
}