{
  "pairs": {
    "0.82": 100.0,
    "0.83": 100.0,
    "0.84": 98.0,
    "0.85": 98.0,
    "0.86": 97.0,
    "0.87": 97.0,
    "0.88": 96.0,
    "0.89": 94.0,
    "0.9": 91.0,
    "0.92": 89.0,
    "0.94": 88.0,
    "0.96": 84.0,
    "0.97": 83.0,
    "0.98": 80.0,
    "0.99": 79.0,
    "1.0": 75.0,
    "1.01": 69.0,
    "1.02": 61.0,
    "1.03": 56.0,
    "1.05": 55.0,
    "1.06": 54.0,
    "1.07": 49.0,
    "1.08": 47.0,
    "1.09": 39.0,
    "1.1": 38.0,
    "1.12": 38.0,
    "1.13": 37.0,
    "1.14": 34.0,
    "1.15": 30.0,
    "1.16": 29.0,
    "1.19": 29.0,
    "1.21": 14.0,
    "1.25": 13.0,
    "1.26": 10.0,
    "1.28": 8.0,
    "1.29": 5.0,
    "1.3": 1.0
  }
}